---
source: repology-webapp/tests/snapshot_tests/mod.rs
expression: snapshot
snapshot_kind: text
---
Status: 200
Header: content-type: application/json
Header: content-length: 101
---
[{"repo":"repo","visiblename":"visiblename","version":"1.0","origversion":"1.0_1","status":"newest"}]
