---
source: repology-webapp/tests/snapshot_tests/badge_vertical_allrepos.rs
expression: response.as_snapshot().unwrap()
---
Status: 404
---
