---
source: repology-webapp/tests/snapshot_tests/mod.rs
expression: snapshot
snapshot_kind: text
---
Status: 404
Header: content-type: text/plain; charset=utf-8
Header: content-length: 13
---
run not found
