---
source: repology-webapp/tests/snapshot_tests/mod.rs
expression: snapshot
snapshot_kind: text
---
Status: 302
Header: location: /badge/version-for-repo/freebsd/zsh.svg?header=foo
Header: content-length: 0
---
