---
source: repology-webapp/tests/snapshot_tests/badge_version_for_repo.rs
expression: response.as_snapshot().unwrap()
---
Status: 200
Header: content-type: image/svg+xml
Header: content-length: 766
---
<svg xmlns="http://www.w3.org/2000/svg" width="27" height="20"><clipPath id="clip"><rect rx="3" width="100%" height="100%" fill="#000"/></clipPath><linearGradient id="grad" x2="0" y2="100%"><stop offset="0" stop-color="#bbb" stop-opacity=".1"/><stop offset="1" stop-opacity=".1"/></linearGradient><g clip-path="url(#clip)"><rect width="100%" height="100%" fill="#555"/><rect x="0" y="0" width="27" height="20" fill="#4c1"/><rect y="0" width="100%" height="20" fill="url(#grad)"/><g fill="#fff" font-family="DejaVu Sans,Verdana,Geneva,sans-serif" font-size="11"><text x="13" y="11" text-anchor="middle" dominant-baseline="central" fill="#010101" fill-opacity=".3">1.1</text><text x="13" y="10" text-anchor="middle" dominant-baseline="central">1.1</text></g></g></svg>
