---
source: repology-webapp/tests/snapshot_tests/mod.rs
expression: snapshot
snapshot_kind: text
---
Status: 302
Header: location: /project/zsh/versions
Header: content-length: 0
---
