---
source: repology-webapp/tests/snapshot_tests/mod.rs
expression: snapshot
snapshot_kind: text
---
Status: 200
Header: content-type: application/json
Header: content-length: 105
---
{"pkg_barbar_":[{"repo":"ubuntu_12","visiblename":"","version":"","origversion":null,"status":"newest"}]}
