---
source: repology-webapp/tests/snapshot_tests/mod.rs
expression: "Request::new(pool, uri).perform().await.as_snapshot().unwrap()"
snapshot_kind: text
---
Status: 200
Header: content-type: text/html
Header: content-length: 5828
---
<!DOCTYPE html>
<html lang="en">
<head>
	<meta charset="utf-8">
	<meta name="viewport" content="width=device-width, initial-scale=1">

	<meta name="description" content="Information on all packages for project zsh">
	<meta name="keywords" content="repository, package, packages, version, zsh">
	<meta name="author" content="Dmitry Marakasov">


	<title>zsh packages - Repology</title>
	<link rel="stylesheet" href="/static/bootstrap.min.v3.3.7.8dc6d358477be27a.css">
	<link rel="stylesheet" href="/static/repology.v21.bb7b05a7b3bfbdb9.css">
	<link rel="icon" href="/static/repology.v1.6108dff405ea1a42.ico" sizes="16x16 32x32 64x64" type="image/x-icon">
	<link rel="search" type="application/opensearchdescription+xml" title="Repology packages" href="/opensearch/project.xml">
	<link rel="search" type="application/opensearchdescription+xml" title="Repology maintainers" href="/opensearch/maintainer.xml">
</head>
<body>



<nav class="navbar navbar-default navbar-static-top">
	<div class="container">
		<div class="navbar-header">
			<button type="button" class="navbar-toggle collapsed" data-toggle="collapse" data-target="#repology-navbar-collapse" aria-expanded="false">
				<span class="sr-only">Toggle navigation</span>
				<span class="icon-bar"></span>
				<span class="icon-bar"></span>
				<span class="icon-bar"></span>
			</button>
			<a class="navbar-brand" href="/">
				<img alt="Repology" src="/static/repology40x40.v1.0ea026630d9180a2.png" width="40" height="40">
			</a>
		</div>

		<div class="collapse navbar-collapse" id="repology-navbar-collapse">
			<ul class="nav navbar-nav">
				<li class="active"><a href="/projects/">Projects</a></li>
				<li><a href="/maintainers/">Maintainers</a></li>
				<li><a href="/repositories/statistics">Repositories</a></li>
				<li><a href="/tools">Tools</a></li>
				<li><a href="/security/recent-cves">Security</a></li>
			</ul>
			<ul class="nav navbar-nav navbar-right">
				
				<li><a href="/news">News</a></li>
				<li><a href="/docs">Docs</a></li>
			</ul>
		</div>
	</div>
</nav>


<div class="container">
	
<div class="btn-group pageheader-right">
	
	<a href="/project/zsh/versions" class="btn btn-default">Versions</a>
	<a href="/project/zsh/packages" class="btn btn-default active">Packages</a>
	<a href="/project/zsh/information" class="btn btn-default">Information</a>
	
	<a href="/project/zsh/history" class="btn btn-default">History</a>
	
	
	
	<a href="/project/zsh/badges" class="btn btn-default">Badges</a>
	
	
	<a href="/project/zsh/report" class="btn btn-default" rel="nofollow"><span class="text-danger">Report</span></a>
</div>

	<h1 class="page-header">Packages for <strong>zsh</strong></h1>
</div>



<div class="container">



<p><b>5</b> package(s) known</p>

<div class="row">


	<div class="col-md-4">
		<div class="panel panel-version-newest">
			<div class="panel-heading">
				<div class="package-repository">
				<a class="panel-heading-link" href="/repository/freebsd">FreeBSD</a></div>
				<h3 class="package-name">zsh</h3>
				<div class="package-version"><span class=" version-property-fixed" title="Normalized from &quot;1.0&quot;">1.1</span> (1.0)</div>
			</div>
			<ul class="list-group">
			
			
			
			
			
			</ul>
		</div>
	</div>


	<div class="col-md-4">
		<div class="panel panel-version-outdated">
			<div class="panel-heading">
				<div class="package-repository">
				<a class="panel-heading-link" href="/repository/freshcode">freshcode.club</a></div>
				<h3 class="package-name">zsh</h3>
				<div class="package-version"><span class="">1.0</span></div>
			</div>
			<ul class="list-group">
			
			
			
			
			
			</ul>
		</div>
	</div>


	<div class="col-md-4">
		<div class="panel panel-version-outdated">
			<div class="panel-heading">
				<div class="package-repository">
				<a class="panel-heading-link" href="/repository/ubuntu_12">Ubuntu 12</a></div>
				<h3 class="package-name">zsh</h3>
				<div class="package-version"><span class=" version-property-fixed" title="Normalized from &quot;1.0&quot;">0.9</span> (1.0)</div>
			</div>
			<ul class="list-group">
			
			
			
			
			
			</ul>
		</div>
	</div>


</div>
<div class="row">

	<div class="col-md-4">
		<div class="panel panel-version-ignored">
			<div class="panel-heading">
				<div class="package-repository">
				<a class="panel-heading-link" href="/repository/ubuntu_24">Ubuntu 24</a></div>
				<h3 class="package-name">zsh</h3>
				<div class="package-version"><span class=" version-property-fixed" title="Normalized from &quot;1.0&quot;">1.2</span> (1.0)</div>
			</div>
			<ul class="list-group">
			
			
			
			
			
			</ul>
		</div>
	</div>


	<div class="col-md-4">
		<div class="panel panel-version-outdated">
			<div class="panel-heading">
				<div class="package-repository">
				<a class="panel-heading-link" href="/repository/ubuntu_24">Ubuntu 24</a></div>
				<h3 class="package-name">zsh</h3>
				<div class="package-version"><span class="">1.0</span></div>
			</div>
			<ul class="list-group">
			
			
			
			
			
			</ul>
		</div>
	</div>

</div>
</div>


<footer class="footer">
	<div class="container">
		<p class="pull-right footer-links">
			GitHub repositories:
			<a href="https://github.com/repology/repology-rs/tree/master/repology-webapp">webapp</a>,
			<a href="https://github.com/repology/repology-updater">updater</a>,
			<a href="https://github.com/repology/repology-rules">ruleset</a>
		</p>
		<p>
			Copyright (C) 2016-2025 Dmitry Marakasov<br>
			Code licensed under GPLv3+.<br>
			Powered by Rust.
		</p>
	</div>
</footer>

<script src="/static/jquery-3.7.1.min.cc6904672d4db9a3.js"></script>
<script src="/static/bootstrap.min.v3.3.7.66502a3c5769c640.js"></script>
<script src="/static/moment.min.v2.29.2.b7efa16ed0d164d6.js"></script>
<script src="/static/repology.v2.ee0228ab3d88406f.js"></script>

</body>
</html>
