---
source: repology-webapp/tests/snapshot_tests/mod.rs
expression: snapshot
snapshot_kind: text
---
Status: 200
Header: content-type: image/svg+xml
Header: content-length: 8188
---
<svg xmlns="http://www.w3.org/2000/svg" width="1140" height="400"><rect x="1038.5" width="51.904762" height="400" fill="#f0f0f0"/><rect x="934.5" width="51.904762" height="400" fill="#f0f0f0"/><rect x="830.5" width="51.904762" height="400" fill="#f0f0f0"/><rect x="726.5" width="51.904762" height="400" fill="#f0f0f0"/><rect x="622.5" width="51.904762" height="400" fill="#f0f0f0"/><rect x="519.5" width="51.904762" height="400" fill="#f0f0f0"/><rect x="415.5" width="51.904762" height="400" fill="#f0f0f0"/><rect x="311.5" width="51.904762" height="400" fill="#f0f0f0"/><rect x="207.5" width="51.904762" height="400" fill="#f0f0f0"/><rect x="103.5" width="51.904762" height="400" fill="#f0f0f0"/><rect x="0.5" width="51.904762" height="400" fill="#f0f0f0"/><line x1="1077.5" x2="1077.5" y1="0" y2="400" stroke="#e0e0e0"/><line x1="1064.5" x2="1064.5" y1="0" y2="400" stroke="#e0e0e0"/><line x1="1051.5" x2="1051.5" y1="0" y2="400" stroke="#e0e0e0"/><line x1="1038.5" x2="1038.5" y1="0" y2="380" stroke="#c0c0c0"/><line x1="1025.5" x2="1025.5" y1="0" y2="400" stroke="#e0e0e0"/><line x1="1012.5" x2="1012.5" y1="0" y2="400" stroke="#e0e0e0"/><line x1="999.5" x2="999.5" y1="0" y2="400" stroke="#e0e0e0"/><line x1="986.5" x2="986.5" y1="0" y2="380" stroke="#c0c0c0"/><line x1="973.5" x2="973.5" y1="0" y2="400" stroke="#e0e0e0"/><line x1="960.5" x2="960.5" y1="0" y2="400" stroke="#e0e0e0"/><line x1="947.5" x2="947.5" y1="0" y2="400" stroke="#e0e0e0"/><line x1="934.5" x2="934.5" y1="0" y2="380" stroke="#c0c0c0"/><line x1="921.5" x2="921.5" y1="0" y2="400" stroke="#e0e0e0"/><line x1="908.5" x2="908.5" y1="0" y2="400" stroke="#e0e0e0"/><line x1="895.5" x2="895.5" y1="0" y2="400" stroke="#e0e0e0"/><line x1="882.5" x2="882.5" y1="0" y2="380" stroke="#c0c0c0"/><line x1="869.5" x2="869.5" y1="0" y2="400" stroke="#e0e0e0"/><line x1="856.5" x2="856.5" y1="0" y2="400" stroke="#e0e0e0"/><line x1="843.5" x2="843.5" y1="0" y2="400" stroke="#e0e0e0"/><line x1="830.5" x2="830.5" y1="0" y2="380" stroke="#c0c0c0"/><line x1="817.5" x2="817.5" y1="0" y2="400" stroke="#e0e0e0"/><line x1="804.5" x2="804.5" y1="0" y2="400" stroke="#e0e0e0"/><line x1="791.5" x2="791.5" y1="0" y2="400" stroke="#e0e0e0"/><line x1="778.5" x2="778.5" y1="0" y2="380" stroke="#c0c0c0"/><line x1="765.5" x2="765.5" y1="0" y2="400" stroke="#e0e0e0"/><line x1="752.5" x2="752.5" y1="0" y2="400" stroke="#e0e0e0"/><line x1="739.5" x2="739.5" y1="0" y2="400" stroke="#e0e0e0"/><line x1="726.5" x2="726.5" y1="0" y2="380" stroke="#c0c0c0"/><line x1="713.5" x2="713.5" y1="0" y2="400" stroke="#e0e0e0"/><line x1="700.5" x2="700.5" y1="0" y2="400" stroke="#e0e0e0"/><line x1="687.5" x2="687.5" y1="0" y2="400" stroke="#e0e0e0"/><line x1="674.5" x2="674.5" y1="0" y2="380" stroke="#c0c0c0"/><line x1="661.5" x2="661.5" y1="0" y2="400" stroke="#e0e0e0"/><line x1="648.5" x2="648.5" y1="0" y2="400" stroke="#e0e0e0"/><line x1="635.5" x2="635.5" y1="0" y2="400" stroke="#e0e0e0"/><line x1="622.5" x2="622.5" y1="0" y2="380" stroke="#c0c0c0"/><line x1="609.5" x2="609.5" y1="0" y2="400" stroke="#e0e0e0"/><line x1="596.5" x2="596.5" y1="0" y2="400" stroke="#e0e0e0"/><line x1="583.5" x2="583.5" y1="0" y2="400" stroke="#e0e0e0"/><line x1="570.5" x2="570.5" y1="0" y2="380" stroke="#c0c0c0"/><line x1="557.5" x2="557.5" y1="0" y2="400" stroke="#e0e0e0"/><line x1="545.5" x2="545.5" y1="0" y2="400" stroke="#e0e0e0"/><line x1="532.5" x2="532.5" y1="0" y2="400" stroke="#e0e0e0"/><line x1="519.5" x2="519.5" y1="0" y2="380" stroke="#c0c0c0"/><line x1="506.5" x2="506.5" y1="0" y2="400" stroke="#e0e0e0"/><line x1="493.5" x2="493.5" y1="0" y2="400" stroke="#e0e0e0"/><line x1="480.5" x2="480.5" y1="0" y2="400" stroke="#e0e0e0"/><line x1="467.5" x2="467.5" y1="0" y2="380" stroke="#c0c0c0"/><line x1="454.5" x2="454.5" y1="0" y2="400" stroke="#e0e0e0"/><line x1="441.5" x2="441.5" y1="0" y2="400" stroke="#e0e0e0"/><line x1="428.5" x2="428.5" y1="0" y2="400" stroke="#e0e0e0"/><line x1="415.5" x2="415.5" y1="0" y2="380" stroke="#c0c0c0"/><line x1="402.5" x2="402.5" y1="0" y2="400" stroke="#e0e0e0"/><line x1="389.5" x2="389.5" y1="0" y2="400" stroke="#e0e0e0"/><line x1="376.5" x2="376.5" y1="0" y2="400" stroke="#e0e0e0"/><line x1="363.5" x2="363.5" y1="0" y2="380" stroke="#c0c0c0"/><line x1="350.5" x2="350.5" y1="0" y2="400" stroke="#e0e0e0"/><line x1="337.5" x2="337.5" y1="0" y2="400" stroke="#e0e0e0"/><line x1="324.5" x2="324.5" y1="0" y2="400" stroke="#e0e0e0"/><line x1="311.5" x2="311.5" y1="0" y2="380" stroke="#c0c0c0"/><line x1="298.5" x2="298.5" y1="0" y2="400" stroke="#e0e0e0"/><line x1="285.5" x2="285.5" y1="0" y2="400" stroke="#e0e0e0"/><line x1="272.5" x2="272.5" y1="0" y2="400" stroke="#e0e0e0"/><line x1="259.5" x2="259.5" y1="0" y2="380" stroke="#c0c0c0"/><line x1="246.5" x2="246.5" y1="0" y2="400" stroke="#e0e0e0"/><line x1="233.5" x2="233.5" y1="0" y2="400" stroke="#e0e0e0"/><line x1="220.5" x2="220.5" y1="0" y2="400" stroke="#e0e0e0"/><line x1="207.5" x2="207.5" y1="0" y2="380" stroke="#c0c0c0"/><line x1="194.5" x2="194.5" y1="0" y2="400" stroke="#e0e0e0"/><line x1="181.5" x2="181.5" y1="0" y2="400" stroke="#e0e0e0"/><line x1="168.5" x2="168.5" y1="0" y2="400" stroke="#e0e0e0"/><line x1="155.5" x2="155.5" y1="0" y2="380" stroke="#c0c0c0"/><line x1="142.5" x2="142.5" y1="0" y2="400" stroke="#e0e0e0"/><line x1="129.5" x2="129.5" y1="0" y2="400" stroke="#e0e0e0"/><line x1="116.5" x2="116.5" y1="0" y2="400" stroke="#e0e0e0"/><line x1="103.5" x2="103.5" y1="0" y2="380" stroke="#c0c0c0"/><line x1="90.5" x2="90.5" y1="0" y2="400" stroke="#e0e0e0"/><line x1="77.5" x2="77.5" y1="0" y2="400" stroke="#e0e0e0"/><line x1="64.5" x2="64.5" y1="0" y2="400" stroke="#e0e0e0"/><line x1="51.5" x2="51.5" y1="0" y2="380" stroke="#c0c0c0"/><line x1="38.5" x2="38.5" y1="0" y2="400" stroke="#e0e0e0"/><line x1="25.5" x2="25.5" y1="0" y2="400" stroke="#e0e0e0"/><line x1="12.5" x2="12.5" y1="0" y2="400" stroke="#e0e0e0"/><line x1="0" x2="1090" y1="370.5" y2="370.5" stroke="#c0c0c0"/><line x1="0" x2="1090" y1="330.5" y2="330.5" stroke="#c0c0c0"/><line x1="0" x2="1090" y1="290.5" y2="290.5" stroke="#c0c0c0"/><line x1="0" x2="1090" y1="249.5" y2="249.5" stroke="#c0c0c0"/><line x1="0" x2="1090" y1="210.5" y2="210.5" stroke="#c0c0c0"/><line x1="0" x2="1090" y1="169.5" y2="169.5" stroke="#c0c0c0"/><line x1="0" x2="1090" y1="130.5" y2="130.5" stroke="#c0c0c0"/><line x1="0" x2="1090" y1="89.5" y2="89.5" stroke="#c0c0c0"/><line x1="0" x2="1090" y1="49.5" y2="49.5" stroke="#c0c0c0"/><line x1="0" x2="1090" y1="10.5" y2="10.5" stroke="#c0c0c0"/><g stroke="#c000c0" stroke-width="3" stroke-linecap="round"><line x1="1090.5" y1="10.5" x2="-5553.5" y2="370.5"/></g><g fill="#000" text-anchor="middle" font-family="DejaVu Sans,Verdana,Geneva,sans-serif" font-size="11"><text x="1038.5" y="395">-1d</text><text x="986.5" y="395">-2d</text><text x="934.5" y="395">-3d</text><text x="882.5" y="395">-4d</text><text x="830.5" y="395">-5d</text><text x="778.5" y="395">-6d</text><text x="726.5" y="395">-7d</text><text x="674.5" y="395">-8d</text><text x="622.5" y="395">-9d</text><text x="570.5" y="395">-10d</text><text x="519.5" y="395">-11d</text><text x="467.5" y="395">-12d</text><text x="415.5" y="395">-13d</text><text x="363.5" y="395">-14d</text><text x="311.5" y="395">-15d</text><text x="259.5" y="395">-16d</text><text x="207.5" y="395">-17d</text><text x="155.5" y="395">-18d</text><text x="103.5" y="395">-19d</text><text x="51.5" y="395">-20d</text></g><g fill="#000" text-anchor="left" font-family="DejaVu Sans,Verdana,Geneva,sans-serif" font-size="11" alignment-baseline="middle"><text x="1092" y="373.5" alignment-baseline="middle">1</text><text x="1092" y="333.5" alignment-baseline="middle">2</text><text x="1092" y="293.5" alignment-baseline="middle">3</text><text x="1092" y="252.5" alignment-baseline="middle">4</text><text x="1092" y="213.5" alignment-baseline="middle">5</text><text x="1092" y="172.5" alignment-baseline="middle">6</text><text x="1092" y="133.5" alignment-baseline="middle">7</text><text x="1092" y="92.5" alignment-baseline="middle">8</text><text x="1092" y="52.5" alignment-baseline="middle">9</text><text x="1092" y="13.5" alignment-baseline="middle">10</text></g></svg>
