---
source: repology-webapp/tests/snapshot_tests/badge_versions_matrix.rs
expression: response.as_snapshot().unwrap()
---
Status: 200
Header: content-type: image/svg+xml
Header: content-length: 1828
---
<svg xmlns="http://www.w3.org/2000/svg" width="127" height="60"><clipPath id="clip"><rect rx="3" width="100%" height="100%" fill="#000"/></clipPath><linearGradient id="grad" x2="0" y2="100%"><stop offset="0" stop-color="#bbb" stop-opacity=".1"/><stop offset="1" stop-opacity=".1"/></linearGradient><g clip-path="url(#clip)"><rect width="100%" height="100%" fill="#555"/><rect y="0" width="100%" height="20" fill="url(#grad)"/><g fill="#fff" font-family="DejaVu Sans,Verdana,Geneva,sans-serif" font-size="11"><text x="97" y="11" text-anchor="middle" dominant-baseline="central" fill="#010101" fill-opacity=".3">fish</text><text x="97" y="10" text-anchor="middle" dominant-baseline="central">fish</text></g><rect x="67" y="20" width="60" height="20" fill="#e05d44"/><rect y="20" width="100%" height="20" fill="url(#grad)"/><g fill="#fff" font-family="DejaVu Sans,Verdana,Geneva,sans-serif" font-size="11"><text x="62" y="31" text-anchor="end" dominant-baseline="central" fill="#010101" fill-opacity=".3">FreeBSD</text><text x="62" y="30" text-anchor="end" dominant-baseline="central">FreeBSD</text><text x="97" y="31" text-anchor="middle" dominant-baseline="central" fill="#010101" fill-opacity=".3">1.0</text><text x="97" y="30" text-anchor="middle" dominant-baseline="central">1.0</text></g><rect y="40" width="100%" height="20" fill="url(#grad)"/><g fill="#fff" font-family="DejaVu Sans,Verdana,Geneva,sans-serif" font-size="11"><text x="62" y="51" text-anchor="end" dominant-baseline="central" fill="#010101" fill-opacity=".3">Ubuntu 24</text><text x="62" y="50" text-anchor="end" dominant-baseline="central">Ubuntu 24</text><text x="97" y="51" text-anchor="middle" dominant-baseline="central" fill="#010101" fill-opacity=".3">-</text><text x="97" y="50" text-anchor="middle" dominant-baseline="central">-</text></g></g></svg>
