---
source: repology-webapp/tests/snapshot_tests/tool_project_by.rs
expression: response.as_snapshot().unwrap()
---
Status: 302
Header: location: /badge/version-for-repo/freebsd/zsh.svg?header=foo
Header: content-length: 0
---
