---
source: repology-webapp/tests/snapshot_tests/api_v1_project.rs
expression: response.as_snapshot().unwrap()
---
Status: 200
Header: content-type: application/json
Header: content-length: 2
---
[]
