---
source: repology-webapp/tests/snapshot_tests/mod.rs
expression: snapshot
snapshot_kind: text
---
Status: 302
Header: location: /badge/tiny-repos/zsh.svg
Header: content-length: 0
---
