---
source: repology-webapp/tests/snapshot_tests/badge_vertical_allrepos.rs
expression: response.as_snapshot().unwrap()
---
Status: 200
Header: content-type: image/svg+xml
Header: content-length: 3053
---
<svg xmlns="http://www.w3.org/2000/svg" width="155" height="105"><clipPath id="clip"><rect rx="3" width="100%" height="100%" fill="#000"/></clipPath><linearGradient id="grad" x2="0" y2="100%"><stop offset="0" stop-color="#bbb" stop-opacity=".1"/><stop offset="1" stop-opacity=".1"/></linearGradient><g clip-path="url(#clip)"><rect width="100%" height="100%" fill="#555"/><g fill="#fff" text-anchor="middle" font-family="DejaVu Sans,Verdana,Geneva,sans-serif" font-size="15" font-weight="bold"><text x="77" y="13" dominant-baseline="central" fill="#010101" fill-opacity=".3">Packaging status</text><text x="77" y="12" dominant-baseline="central">Packaging status</text></g><rect x="95" y="25" width="60" height="20" fill="#4c1"/><rect y="25" width="100%" height="20" fill="url(#grad)"/><g fill="#fff" font-family="DejaVu Sans,Verdana,Geneva,sans-serif" font-size="11"><text x="90" y="36" text-anchor="end" dominant-baseline="central" fill="#010101" fill-opacity=".3">FreeBSD</text><text x="90" y="35" text-anchor="end" dominant-baseline="central">FreeBSD</text><text x="125" y="36" text-anchor="middle" dominant-baseline="central" fill="#010101" fill-opacity=".3">1.1</text><text x="125" y="35" text-anchor="middle" dominant-baseline="central">1.1</text></g><rect x="95" y="45" width="60" height="20" fill="#e05d44"/><rect y="45" width="100%" height="20" fill="url(#grad)"/><g fill="#fff" font-family="DejaVu Sans,Verdana,Geneva,sans-serif" font-size="11"><text x="90" y="56" text-anchor="end" dominant-baseline="central" fill="#010101" fill-opacity=".3">freshcode.club</text><text x="90" y="55" text-anchor="end" dominant-baseline="central">freshcode.club</text><text x="125" y="56" text-anchor="middle" dominant-baseline="central" fill="#010101" fill-opacity=".3">1.0</text><text x="125" y="55" text-anchor="middle" dominant-baseline="central">1.0</text></g><rect x="95" y="65" width="60" height="20" fill="#e05d44"/><rect y="65" width="100%" height="20" fill="url(#grad)"/><g fill="#fff" font-family="DejaVu Sans,Verdana,Geneva,sans-serif" font-size="11"><text x="90" y="76" text-anchor="end" dominant-baseline="central" fill="#010101" fill-opacity=".3">Ubuntu 12</text><text x="90" y="75" text-anchor="end" dominant-baseline="central">Ubuntu 12</text><text x="125" y="76" text-anchor="middle" dominant-baseline="central" fill="#010101" fill-opacity=".3">0.9</text><text x="125" y="75" text-anchor="middle" dominant-baseline="central">0.9</text></g><rect x="95" y="85" width="60" height="20" fill="#e05d44"/><rect y="85" width="100%" height="20" fill="url(#grad)"/><g fill="#fff" font-family="DejaVu Sans,Verdana,Geneva,sans-serif" font-size="11"><text x="90" y="96" text-anchor="end" dominant-baseline="central" fill="#010101" fill-opacity=".3">Ubuntu 24</text><text x="90" y="95" text-anchor="end" dominant-baseline="central">Ubuntu 24</text><text x="125" y="96" text-anchor="middle" dominant-baseline="central" fill="#010101" fill-opacity=".3">1.0</text><text x="125" y="95" text-anchor="middle" dominant-baseline="central">1.0</text></g></g></svg>
