---
source: repology-webapp/tests/snapshot_tests/tool_project_by.rs
expression: response.as_snapshot().unwrap()
---
Status: 302
Header: location: /project/zsh/badges
Header: content-length: 0
---
