---
source: repology-webapp/tests/snapshot_tests/badge_version_for_repo.rs
expression: response.as_snapshot().unwrap()
---
Status: 404
---
