---
source: repology-webapp/tests/snapshot_tests/mod.rs
expression: snapshot
snapshot_kind: text
---
Status: 400
Header: content-type: text/plain; charset=utf-8
Header: content-length: 44
---
Invalid URL: Cannot parse `"foo"` to a `u64`
