---
source: repology-webapp/tests/snapshot_tests/badge_latest_versions.rs
expression: response.as_snapshot().unwrap()
---
Status: 404
---
